\BOOKMARK [1][-]{section.1}{\376\377\000I\000n\000t\000r\000o\000d\000u\000c\000t\000i\000o\000n}{}% 1
\BOOKMARK [2][-]{subsection.1.1}{\376\377\000P\000r\000o\000j\000e\000c\000t\000\040\000M\000o\000t\000i\000v\000a\000t\000i\000o\000n}{section.1}% 2
\BOOKMARK [2][-]{subsection.1.2}{\376\377\000G\000o\000a\000l\000s\000\040\000a\000n\000d\000\040\000P\000h\000a\000s\000e\000s}{section.1}% 3
\BOOKMARK [1][-]{section.2}{\376\377\000P\000h\000a\000s\000e\000\040\0001\000:\000\040\000A\000r\000c\000h\000i\000t\000e\000c\000t\000u\000r\000e\000\040\000I\000t\000e\000r\000a\000t\000i\000o\000n\000s}{}% 4
\BOOKMARK [2][-]{subsection.2.1}{\376\377\000V\000e\000r\000s\000i\000o\000n\000\040\0000\000:\000\040\000I\000n\000i\000t\000i\000a\000l\000\040\000A\000t\000t\000e\000m\000p\000t}{section.2}% 5
\BOOKMARK [3][-]{subsubsection.2.1.1}{\376\377\000A\000r\000c\000h\000i\000t\000e\000c\000t\000u\000r\000e\000\040\000a\000n\000d\000\040\000M\000e\000t\000h\000o\000d\000o\000l\000o\000g\000y}{subsection.2.1}% 6
\BOOKMARK [3][-]{subsubsection.2.1.2}{\376\377\000R\000e\000s\000u\000l\000t\000s\000\040\000a\000n\000d\000\040\000F\000a\000i\000l\000u\000r\000e\000s}{subsection.2.1}% 7
\BOOKMARK [3][-]{subsubsection.2.1.3}{\376\377\000P\000o\000i\000n\000t\000s\000\040\000t\000o\000\040\000S\000o\000l\000v\000e\000\040\000i\000n\000\040\000N\000e\000x\000t\000\040\000I\000t\000e\000r\000a\000t\000i\000o\000n}{subsection.2.1}% 8
\BOOKMARK [2][-]{subsection.2.2}{\376\377\000V\000e\000r\000s\000i\000o\000n\000\040\0001\000.\0000\000:\000\040\000N\000o\000n\000-\000L\000i\000n\000e\000a\000r\000i\000t\000y\000\040\000a\000n\000d\000\040\000O\000p\000t\000i\000m\000i\000z\000a\000t\000i\000o\000n}{section.2}% 9
\BOOKMARK [3][-]{subsubsection.2.2.1}{\376\377\000A\000r\000c\000h\000i\000t\000e\000c\000t\000u\000r\000e\000\040\000U\000p\000g\000r\000a\000d\000e\000s}{subsection.2.2}% 10
\BOOKMARK [3][-]{subsubsection.2.2.2}{\376\377\000M\000e\000t\000h\000o\000d\000o\000l\000o\000g\000y\000\040\000U\000p\000g\000r\000a\000d\000e\000s}{subsection.2.2}% 11
\BOOKMARK [3][-]{subsubsection.2.2.3}{\376\377\000V\000e\000r\000s\000i\000o\000n\000\040\0001\000.\0000\000\040\000T\000r\000a\000i\000n\000i\000n\000g\000\040\000R\000e\000s\000u\000l\000t\000s}{subsection.2.2}% 12
\BOOKMARK [3][-]{subsubsection.2.2.4}{\376\377\000P\000o\000i\000n\000t\000s\000\040\000t\000o\000\040\000S\000o\000l\000v\000e\000\040\000i\000n\000\040\000N\000e\000x\000t\000\040\000I\000t\000e\000r\000a\000t\000i\000o\000n}{subsection.2.2}% 13
\BOOKMARK [2][-]{subsection.2.3}{\376\377\000V\000e\000r\000s\000i\000o\000n\000\040\0001\000.\0001\000:\000\040\000V\000e\000c\000t\000o\000r\000i\000z\000e\000d\000\040\000B\000l\000a\000m\000e\000\040\000A\000s\000s\000i\000g\000n\000m\000e\000n\000t\000\040\000\050\000B\000a\000c\000k\000p\000r\000o\000p\000a\000g\000a\000t\000i\000o\000n\000\051}{section.2}% 14
\BOOKMARK [3][-]{subsubsection.2.3.1}{\376\377\000M\000e\000t\000h\000o\000d\000o\000l\000o\000g\000y\000\040\000U\000p\000g\000r\000a\000d\000e\000s}{subsection.2.3}% 15
\BOOKMARK [3][-]{subsubsection.2.3.2}{\376\377\000V\000e\000r\000s\000i\000o\000n\000\040\0001\000.\0001\000\040\000T\000r\000a\000i\000n\000i\000n\000g\000\040\000R\000e\000s\000u\000l\000t\000s}{subsection.2.3}% 16
\BOOKMARK [3][-]{subsubsection.2.3.3}{\376\377\000P\000o\000i\000n\000t\000s\000\040\000t\000o\000\040\000S\000o\000l\000v\000e\000\040\000i\000n\000\040\000N\000e\000x\000t\000\040\000I\000t\000e\000r\000a\000t\000i\000o\000n}{subsection.2.3}% 17
\BOOKMARK [2][-]{subsection.2.4}{\376\377\000V\000e\000r\000s\000i\000o\000n\000\040\0001\000.\0002\000:\000\040\000I\000m\000p\000r\000o\000v\000e\000d\000\040\000D\000a\000t\000a\000s\000e\000t\000\040\000G\000e\000n\000e\000r\000a\000l\000i\000z\000a\000t\000i\000o\000n}{section.2}% 18
\BOOKMARK [3][-]{subsubsection.2.4.1}{\376\377\000M\000e\000t\000h\000o\000d\000o\000l\000o\000g\000y\000\040\000a\000n\000d\000\040\000R\000e\000s\000u\000l\000t\000s}{subsection.2.4}% 19
\BOOKMARK [3][-]{subsubsection.2.4.2}{\376\377\000P\000o\000i\000n\000t\000s\000\040\000t\000o\000\040\000S\000o\000l\000v\000e\000\040\000i\000n\000\040\000N\000e\000x\000t\000\040\000I\000t\000e\000r\000a\000t\000i\000o\000n}{subsection.2.4}% 20
\BOOKMARK [2][-]{subsection.2.5}{\376\377\000V\000e\000r\000s\000i\000o\000n\000\040\0002\000.\0000\000:\000\040\000I\000n\000t\000r\000o\000d\000u\000c\000t\000i\000o\000n\000\040\000o\000f\000\040\000C\000o\000n\000v\000o\000l\000u\000t\000i\000o\000n}{section.2}% 21
\BOOKMARK [3][-]{subsubsection.2.5.1}{\376\377\000A\000r\000c\000h\000i\000t\000e\000c\000t\000u\000r\000e\000\040\000U\000p\000g\000r\000a\000d\000e\000s}{subsection.2.5}% 22
\BOOKMARK [3][-]{subsubsection.2.5.2}{\376\377\000V\000e\000r\000s\000i\000o\000n\000\040\0002\000.\0000\000\040\000T\000r\000a\000i\000n\000i\000n\000g\000\040\000R\000e\000s\000u\000l\000t\000s}{subsection.2.5}% 23
\BOOKMARK [3][-]{subsubsection.2.5.3}{\376\377\000P\000o\000i\000n\000t\000s\000\040\000t\000o\000\040\000S\000o\000l\000v\000e\000\040\000i\000n\000\040\000N\000e\000x\000t\000\040\000I\000t\000e\000r\000a\000t\000i\000o\000n}{subsection.2.5}% 24
\BOOKMARK [2][-]{subsection.2.6}{\376\377\000V\000e\000r\000s\000i\000o\000n\000\040\0002\000.\0001\000:\000\040\000P\000y\000T\000o\000r\000c\000h\000\040\000O\000p\000t\000i\000m\000i\000z\000a\000t\000i\000o\000n}{section.2}% 25
\BOOKMARK [3][-]{subsubsection.2.6.1}{\376\377\000A\000r\000c\000h\000i\000t\000e\000c\000t\000u\000r\000e\000\040\000a\000n\000d\000\040\000M\000e\000t\000h\000o\000d\000o\000l\000o\000g\000y\000\040\000U\000p\000g\000r\000a\000d\000e\000s}{subsection.2.6}% 26
\BOOKMARK [3][-]{subsubsection.2.6.2}{\376\377\000V\000e\000r\000s\000i\000o\000n\000\040\0002\000.\0001\000\040\000T\000r\000a\000i\000n\000i\000n\000g\000\040\000R\000e\000s\000u\000l\000t\000s}{subsection.2.6}% 27
\BOOKMARK [3][-]{subsubsection.2.6.3}{\376\377\000P\000o\000i\000n\000t\000s\000\040\000t\000o\000\040\000S\000o\000l\000v\000e\000\040\000i\000n\000\040\000N\000e\000x\000t\000\040\000I\000t\000e\000r\000a\000t\000i\000o\000n}{subsection.2.6}% 28
\BOOKMARK [2][-]{subsection.2.7}{\376\377\000V\000e\000r\000s\000i\000o\000n\000\040\0003\000.\0000\000:\000\040\000C\000F\000N\000e\000t\000\040\000\050\000A\000s\000y\000m\000m\000e\000t\000r\000i\000c\000a\000l\000\040\000I\000n\000p\000u\000t\000\040\000S\000l\000i\000c\000i\000n\000g\000\051}{section.2}% 29
\BOOKMARK [3][-]{subsubsection.2.7.1}{\376\377\000A\000r\000c\000h\000i\000t\000e\000c\000t\000u\000r\000e\000\040\000U\000p\000g\000r\000a\000d\000e\000s\000\040\000\050\000R\000F\000N\000e\000t\000\051}{subsection.2.7}% 30
\BOOKMARK [2][-]{subsection.2.8}{\376\377\000V\000e\000r\000s\000i\000o\000n\000\040\0003\000.\0001\000:\000\040\000R\000A\000F\000N\000e\000t\000\040\000\050\000R\000e\000s\000i\000d\000u\000a\000l\000\040\000A\000s\000y\000m\000m\000e\000t\000r\000i\000c\000a\000l\000\040\000F\000a\000c\000t\000o\000r\000\040\000N\000e\000t\000\051}{section.2}% 31
\BOOKMARK [3][-]{subsubsection.2.8.1}{\376\377\000A\000r\000c\000h\000i\000t\000e\000c\000t\000u\000r\000e\000\040\000U\000p\000g\000r\000a\000d\000e\000s}{subsection.2.8}% 32
\BOOKMARK [3][-]{subsubsection.2.8.2}{\376\377\000T\000r\000a\000i\000n\000i\000n\000g\000\040\000O\000p\000t\000i\000m\000i\000z\000a\000t\000i\000o\000n}{subsection.2.8}% 33
\BOOKMARK [3][-]{subsubsection.2.8.3}{\376\377\000R\000e\000s\000u\000l\000t\000s\000\040\000a\000n\000d\000\040\000E\000x\000t\000r\000e\000m\000e\000\040\000E\000f\000f\000i\000c\000i\000e\000n\000c\000y}{subsection.2.8}% 34
\BOOKMARK [1][-]{section.3}{\376\377\000P\000h\000a\000s\000e\000\040\0002\000:\000\040\000E\000m\000b\000e\000d\000d\000e\000d\000\040\000S\000y\000s\000t\000e\000m\000s\000\040\000O\000p\000t\000i\000m\000i\000z\000a\000t\000i\000o\000n}{}% 35
\BOOKMARK [2][-]{subsection.3.1}{\376\377\000Q\000u\000a\000n\000t\000i\000z\000a\000t\000i\000o\000n}{section.3}% 36
\BOOKMARK [2][-]{subsection.3.2}{\376\377\000D\000i\000s\000t\000i\000l\000l\000a\000t\000i\000o\000n}{section.3}% 37
\BOOKMARK [1][-]{section.4}{\376\377\000D\000i\000s\000c\000o\000v\000e\000r\000i\000e\000s\000\040\000a\000n\000d\000\040\000C\000h\000a\000l\000l\000e\000n\000g\000e\000s}{}% 38
\BOOKMARK [2][-]{subsection.4.1}{\376\377\000M\000o\000d\000e\000l\000\040\000S\000e\000l\000e\000c\000t\000i\000o\000n\000\040\000v\000i\000a\000\040\000R\000e\000l\000a\000t\000i\000v\000i\000s\000t\000i\000c\000\040\000E\000f\000f\000i\000c\000i\000e\000n\000c\000y\000\040\000A\000n\000a\000l\000y\000s\000i\000s}{section.4}% 39
\BOOKMARK [3][-]{subsubsection.4.1.1}{\376\377\000T\000h\000e\000\040\000"\000E\000s\000c\000a\000p\000e\000\040\000V\000e\000l\000o\000c\000i\000t\000y\000"\000\040\000C\000o\000n\000s\000t\000r\000a\000i\000n\000t}{subsection.4.1}% 40
\BOOKMARK [2][-]{subsection.4.2}{\376\377\000M\000a\000t\000r\000i\000x\000\040\000S\000i\000z\000e\000\040\000O\000p\000t\000i\000m\000i\000z\000a\000t\000i\000o\000n}{section.4}% 41
\BOOKMARK [2][-]{subsection.4.3}{\376\377\000T\000r\000i\000a\000l\000\040\000a\000n\000d\000\040\000E\000r\000r\000o\000r\000\040\000E\000f\000f\000i\000c\000i\000e\000n\000c\000y}{section.4}% 42
\BOOKMARK [1][-]{section.5}{\376\377\000C\000o\000n\000c\000l\000u\000s\000i\000o\000n}{}% 43
